[     138ms] [INFO] %cDownload the React DevTools for a better development experience: https://react.dev/link/react-devtools font-weight:bold @ http://localhost:3000/_next/static/chunks/0kn~_next_dist_0t0kgqw._.js:2431
[     170ms] [LOG] [HMR] connected @ http://localhost:3000/_next/static/chunks/0kn~_next_dist_0t0kgqw._.js:2431
[     174ms] [ERROR] %c%s%c [GrowthEngine] content query failed — rendering fallback: background: #e6e6e6;background: light-dark(rgba(0,0,0,0.1), rgba(255,255,255,0.25));color: #000000;color: light-dark(#000000, #ffffff);border-radius: 2px  Server   Error: Missing TURSO_DATABASE_URL or TURSO_AUTH_TOKEN
    at getDb (about://React/Server/file:///Users/denisduvauchelle/Documents/code/rs-clients/echo-scribe-landing/.next/dev/server/chunks/ssr/src_0pghfcj._.js?0:69:15)
    at <anonymous> (about://React/Server/file:///Users/denisduvauchelle/Documents/code/rs-clients/echo-scribe-landing/.next/dev/server/chunks/ssr/src_0pghfcj._.js?1:719:751)
    at safeQuery (about://React/Server/file:///Users/denisduvauchelle/Documents/code/rs-clients/echo-scribe-landing/.next/dev/server/chunks/ssr/src_0pghfcj._.js?2:75:22)
    at LocaleLayout (about://React/Server/file:///Users/denisduvauchelle/Documents/code/rs-clients/echo-scribe-landing/.next/dev/server/chunks/ssr/src_0pghfcj._.js?3:719:158)
    at resolveErrorDev (http://localhost:3000/_next/static/chunks/0kn~_next_dist_compiled_react-server-dom-turbopack_07ykydy._.js:1919:105)
    at getOutlinedModel (http://localhost:3000/_next/static/chunks/0kn~_next_dist_compiled_react-server-dom-turbopack_07ykydy._.js:1469:28)
    at parseModelString (http://localhost:3000/_next/static/chunks/0kn~_next_dist_compiled_react-server-dom-turbopack_07ykydy._.js:1584:50)
    at reviveModel (http://localhost:3000/_next/static/chunks/0kn~_next_dist_compiled_react-server-dom-turbopack_07ykydy._.js:2522:66)
    at parseModel (http://localhost:3000/_next/static/chunks/0kn~_next_dist_compiled_react-server-dom-turbopack_07ykydy._.js:2517:16)
    at initializeModelChunk (http://localhost:3000/_next/static/chunks/0kn~_next_dist_compiled_react-server-dom-turbopack_07ykydy._.js:1084:25)
    at getOutlinedModel (http://localhost:3000/_next/static/chunks/0kn~_next_dist_compiled_react-server-dom-turbopack_07ykydy._.js:1407:17)
    at parseModelString (http://localhost:3000/_next/static/chunks/0kn~_next_dist_compiled_react-server-dom-turbopack_07ykydy._.js:1639:50)
    at reviveModel (http://localhost:3000/_next/static/chunks/0kn~_next_dist_compiled_react-server-dom-turbopack_07ykydy._.js:2522:66)
    at reviveModel (http://localhost:3000/_next/static/chunks/0kn~_next_dist_compiled_react-server-dom-turbopack_07ykydy._.js:2525:61)
    at parseModel (http://localhost:3000/_next/static/chunks/0kn~_next_dist_compiled_react-server-dom-turbopack_07ykydy._.js:2517:16)
    at initializeModelChunk (http://localhost:3000/_next/static/chunks/0kn~_next_dist_compiled_react-server-dom-turbopack_07ykydy._.js:1084:25)
    at resolveConsoleEntry (http://localhost:3000/_next/static/chunks/0kn~_next_dist_compiled_react-server-dom-turbopack_07ykydy._.js:2047:96)
    at processFullStringRow (http://localhost:3000/_next/static/chunks/0kn~_next_dist_compiled_react-server-dom-turbopack_07ykydy._.js:2453:17)
    at processFullBinaryRow (http://localhost:3000/_next/static/chunks/0kn~_next_dist_compiled_react-server-dom-turbopack_07ykydy._.js:2393:9)
    at processBinaryChunk (http://localhost:3000/_next/static/chunks/0kn~_next_dist_compiled_react-server-dom-turbopack_07ykydy._.js:2502:221)
    at progress (http://localhost:3000/_next/static/chunks/0kn~_next_dist_compiled_react-server-dom-turbopack_07ykydy._.js:2676:20) @ http://localhost:3000/_next/static/chunks/0kn~_next_dist_0t0kgqw._.js:3272
[     175ms] [ERROR] %c%s%c [GrowthEngine] content query failed — rendering fallback: background: #e6e6e6;background: light-dark(rgba(0,0,0,0.1), rgba(255,255,255,0.25));color: #000000;color: light-dark(#000000, #ffffff);border-radius: 2px  Server   Error: Missing TURSO_DATABASE_URL or TURSO_AUTH_TOKEN
    at getDb (about://React/Server/file:///Users/denisduvauchelle/Documents/code/rs-clients/echo-scribe-landing/.next/dev/server/chunks/ssr/src_0pghfcj._.js?0:69:15)
    at <anonymous> (about://React/Server/file:///Users/denisduvauchelle/Documents/code/rs-clients/echo-scribe-landing/.next/dev/server/chunks/ssr/%5Broot-of-the-server%5D__0vviolk._.js?5:1875:741)
    at safeQuery (about://React/Server/file:///Users/denisduvauchelle/Documents/code/rs-clients/echo-scribe-landing/.next/dev/server/chunks/ssr/src_0pghfcj._.js?2:75:22)
    at HomePage (about://React/Server/file:///Users/denisduvauchelle/Documents/code/rs-clients/echo-scribe-landing/.next/dev/server/chunks/ssr/%5Broot-of-the-server%5D__0vviolk._.js?6:1875:155)
    at resolveErrorDev (http://localhost:3000/_next/static/chunks/0kn~_next_dist_compiled_react-server-dom-turbopack_07ykydy._.js:1919:105)
    at getOutlinedModel (http://localhost:3000/_next/static/chunks/0kn~_next_dist_compiled_react-server-dom-turbopack_07ykydy._.js:1469:28)
    at parseModelString (http://localhost:3000/_next/static/chunks/0kn~_next_dist_compiled_react-server-dom-turbopack_07ykydy._.js:1584:50)
    at reviveModel (http://localhost:3000/_next/static/chunks/0kn~_next_dist_compiled_react-server-dom-turbopack_07ykydy._.js:2522:66)
    at parseModel (http://localhost:3000/_next/static/chunks/0kn~_next_dist_compiled_react-server-dom-turbopack_07ykydy._.js:2517:16)
    at initializeModelChunk (http://localhost:3000/_next/static/chunks/0kn~_next_dist_compiled_react-server-dom-turbopack_07ykydy._.js:1084:25)
    at getOutlinedModel (http://localhost:3000/_next/static/chunks/0kn~_next_dist_compiled_react-server-dom-turbopack_07ykydy._.js:1407:17)
    at parseModelString (http://localhost:3000/_next/static/chunks/0kn~_next_dist_compiled_react-server-dom-turbopack_07ykydy._.js:1639:50)
    at reviveModel (http://localhost:3000/_next/static/chunks/0kn~_next_dist_compiled_react-server-dom-turbopack_07ykydy._.js:2522:66)
    at reviveModel (http://localhost:3000/_next/static/chunks/0kn~_next_dist_compiled_react-server-dom-turbopack_07ykydy._.js:2525:61)
    at parseModel (http://localhost:3000/_next/static/chunks/0kn~_next_dist_compiled_react-server-dom-turbopack_07ykydy._.js:2517:16)
    at initializeModelChunk (http://localhost:3000/_next/static/chunks/0kn~_next_dist_compiled_react-server-dom-turbopack_07ykydy._.js:1084:25)
    at resolveConsoleEntry (http://localhost:3000/_next/static/chunks/0kn~_next_dist_compiled_react-server-dom-turbopack_07ykydy._.js:2047:96)
    at processFullStringRow (http://localhost:3000/_next/static/chunks/0kn~_next_dist_compiled_react-server-dom-turbopack_07ykydy._.js:2453:17)
    at processFullBinaryRow (http://localhost:3000/_next/static/chunks/0kn~_next_dist_compiled_react-server-dom-turbopack_07ykydy._.js:2393:9)
    at processBinaryChunk (http://localhost:3000/_next/static/chunks/0kn~_next_dist_compiled_react-server-dom-turbopack_07ykydy._.js:2502:221)
    at progress (http://localhost:3000/_next/static/chunks/0kn~_next_dist_compiled_react-server-dom-turbopack_07ykydy._.js:2676:20) @ http://localhost:3000/_next/static/chunks/0kn~_next_dist_0t0kgqw._.js:3272
[  133264ms] [LOG] [Fast Refresh] rebuilding @ http://localhost:3000/_next/static/chunks/0kn~_next_dist_0t0kgqw._.js:2431
[  133327ms] [ERROR] %c%s%c [GrowthEngine] content query failed — rendering fallback: background: #e6e6e6;background: light-dark(rgba(0,0,0,0.1), rgba(255,255,255,0.25));color: #000000;color: light-dark(#000000, #ffffff);border-radius: 2px  Server   Error: Missing TURSO_DATABASE_URL or TURSO_AUTH_TOKEN
    at getDb (about://React/Server/file:///Users/denisduvauchelle/Documents/code/rs-clients/echo-scribe-landing/.next/dev/server/chunks/ssr/src_0pghfcj._.js?0:69:15)
    at <anonymous> (about://React/Server/file:///Users/denisduvauchelle/Documents/code/rs-clients/echo-scribe-landing/.next/dev/server/chunks/ssr/src_0pghfcj._.js?1:719:751)
    at safeQuery (about://React/Server/file:///Users/denisduvauchelle/Documents/code/rs-clients/echo-scribe-landing/.next/dev/server/chunks/ssr/src_0pghfcj._.js?2:75:22)
    at LocaleLayout (about://React/Server/file:///Users/denisduvauchelle/Documents/code/rs-clients/echo-scribe-landing/.next/dev/server/chunks/ssr/src_0pghfcj._.js?3:719:158)
    at resolveErrorDev (http://localhost:3000/_next/static/chunks/0kn~_next_dist_compiled_react-server-dom-turbopack_07ykydy._.js:1919:105)
    at getOutlinedModel (http://localhost:3000/_next/static/chunks/0kn~_next_dist_compiled_react-server-dom-turbopack_07ykydy._.js:1469:28)
    at parseModelString (http://localhost:3000/_next/static/chunks/0kn~_next_dist_compiled_react-server-dom-turbopack_07ykydy._.js:1584:50)
    at reviveModel (http://localhost:3000/_next/static/chunks/0kn~_next_dist_compiled_react-server-dom-turbopack_07ykydy._.js:2522:66)
    at parseModel (http://localhost:3000/_next/static/chunks/0kn~_next_dist_compiled_react-server-dom-turbopack_07ykydy._.js:2517:16)
    at initializeModelChunk (http://localhost:3000/_next/static/chunks/0kn~_next_dist_compiled_react-server-dom-turbopack_07ykydy._.js:1084:25)
    at getOutlinedModel (http://localhost:3000/_next/static/chunks/0kn~_next_dist_compiled_react-server-dom-turbopack_07ykydy._.js:1407:17)
    at parseModelString (http://localhost:3000/_next/static/chunks/0kn~_next_dist_compiled_react-server-dom-turbopack_07ykydy._.js:1639:50)
    at reviveModel (http://localhost:3000/_next/static/chunks/0kn~_next_dist_compiled_react-server-dom-turbopack_07ykydy._.js:2522:66)
    at reviveModel (http://localhost:3000/_next/static/chunks/0kn~_next_dist_compiled_react-server-dom-turbopack_07ykydy._.js:2525:61)
    at parseModel (http://localhost:3000/_next/static/chunks/0kn~_next_dist_compiled_react-server-dom-turbopack_07ykydy._.js:2517:16)
    at initializeModelChunk (http://localhost:3000/_next/static/chunks/0kn~_next_dist_compiled_react-server-dom-turbopack_07ykydy._.js:1084:25)
    at resolveConsoleEntry (http://localhost:3000/_next/static/chunks/0kn~_next_dist_compiled_react-server-dom-turbopack_07ykydy._.js:2047:96)
    at processFullStringRow (http://localhost:3000/_next/static/chunks/0kn~_next_dist_compiled_react-server-dom-turbopack_07ykydy._.js:2453:17)
    at processFullBinaryRow (http://localhost:3000/_next/static/chunks/0kn~_next_dist_compiled_react-server-dom-turbopack_07ykydy._.js:2393:9)
    at processBinaryChunk (http://localhost:3000/_next/static/chunks/0kn~_next_dist_compiled_react-server-dom-turbopack_07ykydy._.js:2502:221)
    at progress (http://localhost:3000/_next/static/chunks/0kn~_next_dist_compiled_react-server-dom-turbopack_07ykydy._.js:2676:20) @ http://localhost:3000/_next/static/chunks/0kn~_next_dist_0t0kgqw._.js:3272
[  133328ms] [ERROR] %c%s%c [GrowthEngine] content query failed — rendering fallback: background: #e6e6e6;background: light-dark(rgba(0,0,0,0.1), rgba(255,255,255,0.25));color: #000000;color: light-dark(#000000, #ffffff);border-radius: 2px  Server   Error: Missing TURSO_DATABASE_URL or TURSO_AUTH_TOKEN
    at getDb (about://React/Server/file:///Users/denisduvauchelle/Documents/code/rs-clients/echo-scribe-landing/.next/dev/server/chunks/ssr/src_0pghfcj._.js?0:69:15)
    at <anonymous> (about://React/Server/file:///Users/denisduvauchelle/Documents/code/rs-clients/echo-scribe-landing/.next/dev/server/chunks/ssr/%5Broot-of-the-server%5D__0vviolk._.js?5:1875:741)
    at safeQuery (about://React/Server/file:///Users/denisduvauchelle/Documents/code/rs-clients/echo-scribe-landing/.next/dev/server/chunks/ssr/src_0pghfcj._.js?2:75:22)
    at HomePage (about://React/Server/file:///Users/denisduvauchelle/Documents/code/rs-clients/echo-scribe-landing/.next/dev/server/chunks/ssr/%5Broot-of-the-server%5D__0vviolk._.js?6:1875:155)
    at resolveErrorDev (http://localhost:3000/_next/static/chunks/0kn~_next_dist_compiled_react-server-dom-turbopack_07ykydy._.js:1919:105)
    at getOutlinedModel (http://localhost:3000/_next/static/chunks/0kn~_next_dist_compiled_react-server-dom-turbopack_07ykydy._.js:1469:28)
    at parseModelString (http://localhost:3000/_next/static/chunks/0kn~_next_dist_compiled_react-server-dom-turbopack_07ykydy._.js:1584:50)
    at reviveModel (http://localhost:3000/_next/static/chunks/0kn~_next_dist_compiled_react-server-dom-turbopack_07ykydy._.js:2522:66)
    at parseModel (http://localhost:3000/_next/static/chunks/0kn~_next_dist_compiled_react-server-dom-turbopack_07ykydy._.js:2517:16)
    at initializeModelChunk (http://localhost:3000/_next/static/chunks/0kn~_next_dist_compiled_react-server-dom-turbopack_07ykydy._.js:1084:25)
    at getOutlinedModel (http://localhost:3000/_next/static/chunks/0kn~_next_dist_compiled_react-server-dom-turbopack_07ykydy._.js:1407:17)
    at parseModelString (http://localhost:3000/_next/static/chunks/0kn~_next_dist_compiled_react-server-dom-turbopack_07ykydy._.js:1639:50)
    at reviveModel (http://localhost:3000/_next/static/chunks/0kn~_next_dist_compiled_react-server-dom-turbopack_07ykydy._.js:2522:66)
    at reviveModel (http://localhost:3000/_next/static/chunks/0kn~_next_dist_compiled_react-server-dom-turbopack_07ykydy._.js:2525:61)
    at parseModel (http://localhost:3000/_next/static/chunks/0kn~_next_dist_compiled_react-server-dom-turbopack_07ykydy._.js:2517:16)
    at initializeModelChunk (http://localhost:3000/_next/static/chunks/0kn~_next_dist_compiled_react-server-dom-turbopack_07ykydy._.js:1084:25)
    at resolveConsoleEntry (http://localhost:3000/_next/static/chunks/0kn~_next_dist_compiled_react-server-dom-turbopack_07ykydy._.js:2047:96)
    at processFullStringRow (http://localhost:3000/_next/static/chunks/0kn~_next_dist_compiled_react-server-dom-turbopack_07ykydy._.js:2453:17)
    at processFullBinaryRow (http://localhost:3000/_next/static/chunks/0kn~_next_dist_compiled_react-server-dom-turbopack_07ykydy._.js:2393:9)
    at processBinaryChunk (http://localhost:3000/_next/static/chunks/0kn~_next_dist_compiled_react-server-dom-turbopack_07ykydy._.js:2502:221)
    at progress (http://localhost:3000/_next/static/chunks/0kn~_next_dist_compiled_react-server-dom-turbopack_07ykydy._.js:2676:20) @ http://localhost:3000/_next/static/chunks/0kn~_next_dist_0t0kgqw._.js:3272
[  133329ms] [LOG] [Fast Refresh] done in 28ms @ http://localhost:3000/_next/static/chunks/0kn~_next_dist_0t0kgqw._.js:2431
[  137528ms] [INFO] %cDownload the React DevTools for a better development experience: https://react.dev/link/react-devtools font-weight:bold @ http://localhost:3000/_next/static/chunks/0kn~_next_dist_0t0kgqw._.js:2431
[  137545ms] [LOG] [HMR] connected @ http://localhost:3000/_next/static/chunks/0kn~_next_dist_0t0kgqw._.js:2431
[  137548ms] [ERROR] %c%s%c [GrowthEngine] content query failed — rendering fallback: background: #e6e6e6;background: light-dark(rgba(0,0,0,0.1), rgba(255,255,255,0.25));color: #000000;color: light-dark(#000000, #ffffff);border-radius: 2px  Server   Error: Missing TURSO_DATABASE_URL or TURSO_AUTH_TOKEN
    at getDb (about://React/Server/file:///Users/denisduvauchelle/Documents/code/rs-clients/echo-scribe-landing/.next/dev/server/chunks/ssr/src_0pghfcj._.js?0:69:15)
    at <anonymous> (about://React/Server/file:///Users/denisduvauchelle/Documents/code/rs-clients/echo-scribe-landing/.next/dev/server/chunks/ssr/src_0pghfcj._.js?1:719:751)
    at safeQuery (about://React/Server/file:///Users/denisduvauchelle/Documents/code/rs-clients/echo-scribe-landing/.next/dev/server/chunks/ssr/src_0pghfcj._.js?2:75:22)
    at LocaleLayout (about://React/Server/file:///Users/denisduvauchelle/Documents/code/rs-clients/echo-scribe-landing/.next/dev/server/chunks/ssr/src_0pghfcj._.js?3:719:158)
    at resolveErrorDev (http://localhost:3000/_next/static/chunks/0kn~_next_dist_compiled_react-server-dom-turbopack_07ykydy._.js:1919:105)
    at getOutlinedModel (http://localhost:3000/_next/static/chunks/0kn~_next_dist_compiled_react-server-dom-turbopack_07ykydy._.js:1469:28)
    at parseModelString (http://localhost:3000/_next/static/chunks/0kn~_next_dist_compiled_react-server-dom-turbopack_07ykydy._.js:1584:50)
    at reviveModel (http://localhost:3000/_next/static/chunks/0kn~_next_dist_compiled_react-server-dom-turbopack_07ykydy._.js:2522:66)
    at parseModel (http://localhost:3000/_next/static/chunks/0kn~_next_dist_compiled_react-server-dom-turbopack_07ykydy._.js:2517:16)
    at initializeModelChunk (http://localhost:3000/_next/static/chunks/0kn~_next_dist_compiled_react-server-dom-turbopack_07ykydy._.js:1084:25)
    at getOutlinedModel (http://localhost:3000/_next/static/chunks/0kn~_next_dist_compiled_react-server-dom-turbopack_07ykydy._.js:1407:17)
    at parseModelString (http://localhost:3000/_next/static/chunks/0kn~_next_dist_compiled_react-server-dom-turbopack_07ykydy._.js:1639:50)
    at reviveModel (http://localhost:3000/_next/static/chunks/0kn~_next_dist_compiled_react-server-dom-turbopack_07ykydy._.js:2522:66)
    at reviveModel (http://localhost:3000/_next/static/chunks/0kn~_next_dist_compiled_react-server-dom-turbopack_07ykydy._.js:2525:61)
    at parseModel (http://localhost:3000/_next/static/chunks/0kn~_next_dist_compiled_react-server-dom-turbopack_07ykydy._.js:2517:16)
    at initializeModelChunk (http://localhost:3000/_next/static/chunks/0kn~_next_dist_compiled_react-server-dom-turbopack_07ykydy._.js:1084:25)
    at resolveConsoleEntry (http://localhost:3000/_next/static/chunks/0kn~_next_dist_compiled_react-server-dom-turbopack_07ykydy._.js:2047:96)
    at processFullStringRow (http://localhost:3000/_next/static/chunks/0kn~_next_dist_compiled_react-server-dom-turbopack_07ykydy._.js:2453:17)
    at processFullBinaryRow (http://localhost:3000/_next/static/chunks/0kn~_next_dist_compiled_react-server-dom-turbopack_07ykydy._.js:2393:9)
    at processBinaryChunk (http://localhost:3000/_next/static/chunks/0kn~_next_dist_compiled_react-server-dom-turbopack_07ykydy._.js:2502:221)
    at progress (http://localhost:3000/_next/static/chunks/0kn~_next_dist_compiled_react-server-dom-turbopack_07ykydy._.js:2676:20) @ http://localhost:3000/_next/static/chunks/0kn~_next_dist_0t0kgqw._.js:3272
[  137548ms] [ERROR] %c%s%c [GrowthEngine] content query failed — rendering fallback: background: #e6e6e6;background: light-dark(rgba(0,0,0,0.1), rgba(255,255,255,0.25));color: #000000;color: light-dark(#000000, #ffffff);border-radius: 2px  Server   Error: Missing TURSO_DATABASE_URL or TURSO_AUTH_TOKEN
    at getDb (about://React/Server/file:///Users/denisduvauchelle/Documents/code/rs-clients/echo-scribe-landing/.next/dev/server/chunks/ssr/src_0pghfcj._.js?0:69:15)
    at <anonymous> (about://React/Server/file:///Users/denisduvauchelle/Documents/code/rs-clients/echo-scribe-landing/.next/dev/server/chunks/ssr/%5Broot-of-the-server%5D__0vviolk._.js?5:1875:741)
    at safeQuery (about://React/Server/file:///Users/denisduvauchelle/Documents/code/rs-clients/echo-scribe-landing/.next/dev/server/chunks/ssr/src_0pghfcj._.js?2:75:22)
    at HomePage (about://React/Server/file:///Users/denisduvauchelle/Documents/code/rs-clients/echo-scribe-landing/.next/dev/server/chunks/ssr/%5Broot-of-the-server%5D__0vviolk._.js?6:1875:155)
    at resolveErrorDev (http://localhost:3000/_next/static/chunks/0kn~_next_dist_compiled_react-server-dom-turbopack_07ykydy._.js:1919:105)
    at getOutlinedModel (http://localhost:3000/_next/static/chunks/0kn~_next_dist_compiled_react-server-dom-turbopack_07ykydy._.js:1469:28)
    at parseModelString (http://localhost:3000/_next/static/chunks/0kn~_next_dist_compiled_react-server-dom-turbopack_07ykydy._.js:1584:50)
    at reviveModel (http://localhost:3000/_next/static/chunks/0kn~_next_dist_compiled_react-server-dom-turbopack_07ykydy._.js:2522:66)
    at parseModel (http://localhost:3000/_next/static/chunks/0kn~_next_dist_compiled_react-server-dom-turbopack_07ykydy._.js:2517:16)
    at initializeModelChunk (http://localhost:3000/_next/static/chunks/0kn~_next_dist_compiled_react-server-dom-turbopack_07ykydy._.js:1084:25)
    at getOutlinedModel (http://localhost:3000/_next/static/chunks/0kn~_next_dist_compiled_react-server-dom-turbopack_07ykydy._.js:1407:17)
    at parseModelString (http://localhost:3000/_next/static/chunks/0kn~_next_dist_compiled_react-server-dom-turbopack_07ykydy._.js:1639:50)
    at reviveModel (http://localhost:3000/_next/static/chunks/0kn~_next_dist_compiled_react-server-dom-turbopack_07ykydy._.js:2522:66)
    at reviveModel (http://localhost:3000/_next/static/chunks/0kn~_next_dist_compiled_react-server-dom-turbopack_07ykydy._.js:2525:61)
    at parseModel (http://localhost:3000/_next/static/chunks/0kn~_next_dist_compiled_react-server-dom-turbopack_07ykydy._.js:2517:16)
    at initializeModelChunk (http://localhost:3000/_next/static/chunks/0kn~_next_dist_compiled_react-server-dom-turbopack_07ykydy._.js:1084:25)
    at resolveConsoleEntry (http://localhost:3000/_next/static/chunks/0kn~_next_dist_compiled_react-server-dom-turbopack_07ykydy._.js:2047:96)
    at processFullStringRow (http://localhost:3000/_next/static/chunks/0kn~_next_dist_compiled_react-server-dom-turbopack_07ykydy._.js:2453:17)
    at processFullBinaryRow (http://localhost:3000/_next/static/chunks/0kn~_next_dist_compiled_react-server-dom-turbopack_07ykydy._.js:2393:9)
    at processBinaryChunk (http://localhost:3000/_next/static/chunks/0kn~_next_dist_compiled_react-server-dom-turbopack_07ykydy._.js:2502:221)
    at progress (http://localhost:3000/_next/static/chunks/0kn~_next_dist_compiled_react-server-dom-turbopack_07ykydy._.js:2676:20) @ http://localhost:3000/_next/static/chunks/0kn~_next_dist_0t0kgqw._.js:3272
